# Deeds App Comprehensive Test Report
Generated: $(Get-Date)
Working Directory: $(Get-Location)

## Database Setup
- PostgreSQL: Starting with Docker...
- Qdrant Vector DB: Starting with Docker...
- Drizzle Migrations: Running...

## Test Results

### 1. Database Connection Tests
